// Vitest Snapshot v1, https://vitest.dev/guide/snapshot.html

exports[`ui > _document > renders correctly 1`] = `
<mockroot>
  <html
    data-testid="Next Html"
    lang="next-i18n"
  >
    <head
      data-testid="Next Head"
    >
      <link
        crossorigin="anonymous"
        href="https://cdn.jsdelivr.net/npm/katex@0.16.22/dist/katex.min.css"
        integrity="sha384-5TcZemv2l/9On385z///+d7MSYlvIEw9FuZTIdZ14vJLqWphw7e7ZPuOiCHJcFCP"
        rel="stylesheet"
      />
    </head>
    <body>
      <main
        data-testid="Next App Content"
      />
      <script
        id="theme"
        strategy="beforeInteractive"
      >
        if (['auto','night','dark','day','light'].includes(localStorage.getItem('colorMode')))
document.documentElement.setAttribute('data-no-flash', true)
      </script>
      <script
        data-testid="Next Scripts"
      />
    </body>
  </html>
</mockroot>
`;
